
> localdrop@0.1.0 dev
> concurrently -k "npm:dev:ui" "npm:dev:electron"

[dev:ui] 
[dev:ui] > localdrop@0.1.0 dev:ui
[dev:ui] > vite
[dev:ui] 
[dev:electron] 
[dev:electron] > localdrop@0.1.0 dev:electron
[dev:electron] > wait-on tcp:5173 && electron .
[dev:electron] 
[dev:ui] [32m✔[0m [33mConsole Ninja[0m extension is connected to [33mVite[0m, see [36mhttps://tinyurl.com/2vt8jxzw[0m
[dev:ui] 
[dev:ui]   [32m[1mVITE[22m v5.4.21[39m  [2mready in [0m[1m1415[22m[2m[0m ms[22m
[dev:ui] 
[dev:ui]   [32m➜[39m  [1mLocal[22m:   [36mhttp://localhost:[1m5173[22m/[39m
[dev:ui]   [32m➜[39m  [1mNetwork[22m: [36mhttp://192.168.1.6:[1m5173[22m/[39m
[dev:electron] 
[dev:electron] npm run dev:electron exited with code 4294967295
--> Sending SIGTERM to other processes..
[dev:ui] npm run dev:ui exited with code 1
